[{"id":2,"shopName":"testshopname 2","streetName":"test streetname 2","houseNumber":"test housenumber 2","city":"testcity 2","postalCode":"testpostalcode 2","phoneNumber":"testpostalcode 2","email":"testemail 2"},{"id":1,"shopName":"testshopname 1","streetName":"test streetname 1","houseNumber":"test housenumber 1","city":"testcity 1","postalCode":"testpostalcode 1","phoneNumber":"testpostalcode 1","email":"testemail 1"}]
